exports[`test render ServiceSummary 1`] = `
<li
  className="list-group-item">
  <span
    className="status healthy">
    healthy
  </span>
  police cops
</li>
`;
