exports[`test ServiceDetailAlertList renders render ServiceDetailAlertList with alerts 1`] = `
<div
  className="service-detail-alerts">
  <ul
    className="service-detail-alert-list list-group">
    <li
      className="list-group-item">
      <div
        className="service-detail-alert">
        <h4>
          <a
            href="https://frinkiac.com/episode/S07E02/1108189"
            rel="external">
            The decline in spirograph and the rise in gang activity
          </a>
        </h4>
        <div
          className="service-detail-alert-data-wrapper">
          <dl
            className="service-detail-alert-data-list">
            <dt>
              Resolved
            </dt>
            <dd>
              <span
                className="label label-danger">
                no
              </span>
            </dd>
            <dt>
              Severity
            </dt>
            <dd>
              <span
                className="label label-warning">
                high
              </span>
            </dd>
            <dt>
              Occurred
            </dt>
            <dd>
              Thu Jan 05 2017 11:20:12 GMT-0600 (CST)
            </dd>
            <dt>
              Logged
            </dt>
            <dd>
              Thu Jan 05 2017 11:23:45 GMT-0600 (CST)
            </dd>
          </dl>
          <div
            className="service-detail-alert-graph-wrapper">
            <iframe
              className="service-detail-alert-graph"
              src="https://frinkiac.com/img/S07E02/1108189.jpg" />
          </div>
        </div>
      </div>
    </li>
    <li
      className="list-group-item">
      <div
        className="service-detail-alert">
        <h4>
          <a
            href="https://frinkiac.com/episode/S08E11/290589"
            rel="external">
            Disco record sales were up 400%
          </a>
        </h4>
        <div
          className="service-detail-alert-data-wrapper">
          <dl
            className="service-detail-alert-data-list">
            <dt>
              Resolved
            </dt>
            <dd>
              <span
                className="label label-success">
                yes
              </span>
            </dd>
            <dt>
              Severity
            </dt>
            <dd>
              <span
                className="label label-default">
                low
              </span>
            </dd>
            <dt>
              Occurred
            </dt>
            <dd>
              Tue Jan 17 2017 06:30:12 GMT-0600 (CST)
            </dd>
            <dt>
              Logged
            </dt>
            <dd>
              Tue Jan 17 2017 10:53:12 GMT-0600 (CST)
            </dd>
          </dl>
          <div
            className="service-detail-alert-graph-wrapper">
            <iframe
              className="service-detail-alert-graph"
              src="https://frinkiac.com/img/S08E11/288721.jpg" />
          </div>
        </div>
      </div>
    </li>
    <li
      className="list-group-item">
      <div
        className="service-detail-alert">
        <h4>
          <a
            href="https://frinkiac.com/episode/S12E09/1066440"
            rel="external">
            As intelligence goes up, happiness often goes down
          </a>
        </h4>
        <div
          className="service-detail-alert-data-wrapper">
          <dl
            className="service-detail-alert-data-list">
            <dt>
              Resolved
            </dt>
            <dd>
              <span
                className="label label-danger">
                no
              </span>
            </dd>
            <dt>
              Severity
            </dt>
            <dd>
              <span
                className="label label-info">
                medium
              </span>
            </dd>
            <dt>
              Occurred
            </dt>
            <dd>
              Sat Jan 14 2017 06:30:12 GMT-0600 (CST)
            </dd>
            <dt>
              Logged
            </dt>
            <dd>
              Sat Jan 14 2017 06:45:12 GMT-0600 (CST)
            </dd>
          </dl>
          <div
            className="service-detail-alert-graph-wrapper">
            <iframe
              className="service-detail-alert-graph"
              src="https://frinkiac.com/img/S12E09/1066440.jpg" />
          </div>
        </div>
      </div>
    </li>
  </ul>
</div>
`;

exports[`test ServiceDetailAlertList renders render ServiceDetailAlertList with no alerts 1`] = `<div />`;
